node : node:internal/mo
dules/package_json_read
er:268
所在位置 行:1 字符: 1
+ node esbuild.config.j
s 2>&1 | Out-File -File
Path build_output.txt; 
Ge ...
+ ~~~~~~~~~~~~~~~~~~~~~
~~~~~~
    + CategoryInfo     
         : NotSpecifi  
  ed: (node:internal   
 /m...json_reader:2    
68:String) [], Rem    o
teException
    + FullyQualifiedEr 
   rorId : NativeComm  
  andError
 
  throw new ERR_MODULE_
NOT_FOUND(packageName, 
fileURLToPath(base), nu
ll);
        ^

Error [ERR_MODULE_NOT_F
OUND]: Cannot find pack
age 'esbuild' imported 
from C:\Code\Meting-API
\esbuild.config.js
    at Object.getPackag
eJSONURL (node:internal
/modules/package_json_r
eader:268:9)
    at packageResolve (
node:internal/modules/e
sm/resolve:768:81)
    at moduleResolve (n
ode:internal/modules/es
m/resolve:854:18)
    at defaultResolve (
node:internal/modules/e
sm/resolve:984:11)
    at ModuleLoader.def
aultResolve (node:inter
nal/modules/esm/loader:
780:12)
    at #cachedDefaultRe
solve (node:internal/mo
dules/esm/loader:704:25
)
    at ModuleLoader.res
olve (node:internal/mod
ules/esm/loader:687:38)
    at ModuleLoader.get
ModuleJobForImport (nod
e:internal/modules/esm/
loader:305:38)
    at ModuleJob._link 
(node:internal/modules/
esm/module_job:137:49) 
{
  code: 'ERR_MODULE_NOT
_FOUND'
}

Node.js v22.15.1
